2025-07-04 16:07:40 - INFO - [SETUP] Creating APIClient with base URL: https://jsonplaceholder.typicode.com
2025-07-04 16:07:40 - INFO - [TEST SETUP] Starting a new test...
2025-07-04 16:07:40 - INFO - Testing GET /posts
2025-07-04 16:07:41 - INFO - 🧹 Cleaning up test resources...
2025-07-04 16:07:41 - INFO - [TEST TEARDOWN] Finished the test.
2025-07-04 16:07:41 - INFO - [TEST SETUP] Starting a new test...
2025-07-04 16:07:41 - INFO - Testing GET /posts
2025-07-04 16:07:41 - INFO - 🧹 Cleaning up test resources...
2025-07-04 16:07:41 - INFO - [TEST TEARDOWN] Finished the test.
2025-07-04 16:07:41 - INFO - [TEST SETUP] Starting a new test...
2025-07-04 16:07:41 - INFO - Testing GET /posts
2025-07-04 16:07:41 - INFO - 🧹 Cleaning up test resources...
2025-07-04 16:07:41 - INFO - [TEST TEARDOWN] Finished the test.
2025-07-04 16:07:41 - INFO - [TEST SETUP] Starting a new test...
2025-07-04 16:07:41 - INFO - Testing GET /posts
2025-07-04 16:07:41 - INFO - 🧹 Cleaning up test resources...
2025-07-04 16:07:41 - INFO - [TEST TEARDOWN] Finished the test.
2025-07-04 16:07:41 - INFO - [TEARDOWN] APIClient session completed.
